// Jest Snapshot v1, https://goo.gl/fbAQLP

exports[`App should match the snapshot with all data passed in correctly 1`] = `
<div>
  <Landing
    scrollTitle="StarWars2"
  />
  <button
    className="skip-landing-btn"
    onClick={[Function]}
  >
    Skip
  </button>
</div>
`;
